[www.httrack.com/index.html]
[backblue.gif]
[fade.gif]
[index.html]
[www.httrack.com/favicon.ico]
[www.httrack.com/images/bg_rings.png]
[www.httrack.com/fade.gif]
[www.httrack.com/images/header_title_4.png]
[www.httrack.com/page/2/en/index.html]
[www.httrack.com/html/index.html]
[www.httrack.com/page/7/en/index.html]
[www.httrack.com/page/1/fr/index.html]
[www.httrack.com/page/2/index.html]
[www.httrack.com/page/20/en/index.html]
[www.httrack.com/images/screenshot_01.jpg]
[www.httrack.com/index.html]
[www.httrack.com/esp_chicklet.png]
[www.httrack.com/html/faq.html]
[www.httrack.com/page/1/en/index.html]
[www.httrack.com/page/2/fr/index.html]
[www.httrack.com/page/2/en/index.html]
[www.httrack.com/src/index.html]
[www.httrack.com/html/images/bg_rings.gif]
[www.httrack.com/html/images/header_title_4.gif]
[www.httrack.com/httrack.xml]
[www.httrack.com/html/overview.html]
[www.httrack.com/html/shelldoc.html]
[www.httrack.com/html/dev.html]
[www.httrack.com/html/fcguide.html]
[www.httrack.com/license.txt]
[www.httrack.com/history.txt]
[www.httrack.com/html/index.html]
[www.httrack.com/html/contact.html]
[www.httrack.com/html/abuse.html]
[www.httrack.com/page/7/fr/index.html]
[www.httrack.com/page/9/en/index.html]
[www.httrack.com/page/4/en/index.html]
[www.httrack.com/page/5/en/index.html]
[www.httrack.com/page/6/en/index.html]
[www.httrack.com/page/8/en/index.html]
[www.httrack.com/page/7/en/index.html]
[www.httrack.com/page/1/fr/index.html]
[www.httrack.com/page/2/index.html]
[www.httrack.com/html/faq.html]
[www.httrack.com/page/20/en/index.html]
[www.httrack.com/page/1/en/index.html]
[www.httrack.com/page/2/fr/index.html]
[www.httrack.com/src/index.html]
[www.httrack.com/html/fade.html]
[www.httrack.com/html/overview.html]
[www.httrack.com/html/shelldoc.html]
[www.httrack.com/html/fcguide.html]
[www.httrack.com/html/dev.html]
[www.httrack.com/html/abuse.html]
[www.httrack.com/html/contact.html]
[www.httrack.com/page/7/fr/index.html]
[www.httrack.com/page/9/en/index.html]
[www.httrack.com/page/4/en/index.html]
[www.httrack.com/page/5/en/index.html]
[www.httrack.com/page/6/en/index.html]
[www.httrack.com/page/8/en/index.html]
[www.httrack.com/derivative.html]
